// Jest Snapshot v1, https://goo.gl/fbAQLP

exports[`NoRecord matches snapshot 1`] = `
<View
  style={
    Array [
      Object {
        "alignItems": "center",
        "flex": 1,
        "justifyContent": "center",
      },
      undefined,
    ]
  }
  testID="NoRecord"
>
  <Text
    style={
      Object {
        "color": "#222",
        "lineHeight": 18,
        "margin": 16,
        "textAlign": "center",
      }
    }
  >
    test
  </Text>
</View>
`;
