// Jest Snapshot v1, https://goo.gl/fbAQLP

exports[`Home matches snapshot 1`] = `
<RCTScrollView>
  <View>
    <View
      style={
        Object {
          "alignItems": "center",
          "flex": 1,
          "justifyContent": "center",
          "paddingVertical": 32,
        }
      }
    >
      <Image
        source={
          Object {
            "testUri": "../../../App/Resources/Images/assets/apc.png",
          }
        }
        style={
          Object {
            "height": 160,
            "marginVertical": 60,
            "resizeMode": "contain",
            "width": 160,
          }
        }
      />
      <View
        style={
          Object {
            "paddingHorizontal": 16,
            "width": "100%",
          }
        }
        testID="Org"
      >
        <View
          style={
            Object {
              "alignItems": "center",
              "backgroundColor": "white",
              "borderBottomColor": "#e7e8ea",
              "borderBottomWidth": 1,
              "borderRadius": 16,
              "elevation": 1,
              "flexDirection": "row",
              "justifyContent": "space-between",
              "paddingHorizontal": 16,
              "paddingVertical": 4,
              "shadowColor": "#000",
              "shadowOffset": Object {
                "height": 1,
                "width": 0,
              },
              "shadowOpacity": 0.18,
              "shadowRadius": 1,
            }
          }
        >
          <Text
            allowFontScaling={false}
            style={
              Array [
                Object {
                  "color": "#575757",
                  "fontSize": 28,
                },
                Object {
                  "height": 30,
                  "marginEnd": 4,
                  "marginVertical": 8,
                  "width": 30,
                },
                Object {
                  "fontFamily": "Ionicons",
                  "fontStyle": "normal",
                  "fontWeight": "normal",
                },
                Object {},
              ]
            }
          >
            
          </Text>
          <TextInput
            allowFontScaling={true}
            onChangeText={[Function]}
            placeholder="Organization"
            rejectResponderTermination={true}
            style={
              Object {
                "color": "#222",
                "flex": 1,
                "paddingVertical": 16,
                "textAlign": "left",
              }
            }
            testID="Input"
            underlineColorAndroid="transparent"
            value=""
          />
        </View>
        <Text
          style={
            Object {
              "alignSelf": "flex-start",
              "color": "red",
              "fontSize": 10,
              "fontWeight": "bold",
              "lineHeight": 14,
              "marginBottom": 4,
              "marginHorizontal": 8,
              "paddingTop": 1,
              "textAlign": "left",
            }
          }
        />
      </View>
      <View
        style={
          Object {
            "paddingHorizontal": 16,
            "width": "100%",
          }
        }
        testID="Repo"
      >
        <View
          style={
            Object {
              "alignItems": "center",
              "backgroundColor": "white",
              "borderBottomColor": "#e7e8ea",
              "borderBottomWidth": 1,
              "borderRadius": 16,
              "elevation": 1,
              "flexDirection": "row",
              "justifyContent": "space-between",
              "paddingHorizontal": 16,
              "paddingVertical": 4,
              "shadowColor": "#000",
              "shadowOffset": Object {
                "height": 1,
                "width": 0,
              },
              "shadowOpacity": 0.18,
              "shadowRadius": 1,
            }
          }
        >
          <Text
            allowFontScaling={false}
            style={
              Array [
                Object {
                  "color": "#575757",
                  "fontSize": 28,
                },
                Object {
                  "height": 30,
                  "marginEnd": 4,
                  "marginVertical": 8,
                  "width": 30,
                },
                Object {
                  "fontFamily": "Ionicons",
                  "fontStyle": "normal",
                  "fontWeight": "normal",
                },
                Object {},
              ]
            }
          >
            
          </Text>
          <TextInput
            allowFontScaling={true}
            onChangeText={[Function]}
            placeholder="Repository"
            rejectResponderTermination={true}
            style={
              Object {
                "color": "#222",
                "flex": 1,
                "paddingVertical": 16,
                "textAlign": "left",
              }
            }
            testID="Input"
            underlineColorAndroid="transparent"
            value=""
          />
        </View>
        <Text
          style={
            Object {
              "alignSelf": "flex-start",
              "color": "red",
              "fontSize": 10,
              "fontWeight": "bold",
              "lineHeight": 14,
              "marginBottom": 4,
              "marginHorizontal": 8,
              "paddingTop": 1,
              "textAlign": "left",
            }
          }
        />
      </View>
      <View
        accessible={true}
        focusable={true}
        onClick={[Function]}
        onResponderGrant={[Function]}
        onResponderMove={[Function]}
        onResponderRelease={[Function]}
        onResponderTerminate={[Function]}
        onResponderTerminationRequest={[Function]}
        onStartShouldSetResponder={[Function]}
        style={
          Object {
            "alignItems": "center",
            "backgroundColor": "#149ADE",
            "borderRadius": 16,
            "elevation": 1,
            "flexDirection": "row",
            "justifyContent": "space-evenly",
            "margin": 16,
            "opacity": 1,
            "paddingHorizontal": 16,
            "paddingVertical": 16,
            "shadowColor": "#000",
            "shadowOffset": Object {
              "height": 1,
              "width": 0,
            },
            "shadowOpacity": 0.18,
            "shadowRadius": 1,
          }
        }
        testID="Submit"
      >
        <Text
          numberOfLines={1}
          style={
            Object {
              "alignSelf": "center",
              "color": "#ffffff",
              "flex": 1,
              "paddingHorizontal": 16,
              "textAlign": "center",
            }
          }
          testID="ButtonText"
        >
          Find
        </Text>
      </View>
      <Modal
        animationType="fade"
        hardwareAccelerated={false}
        onRequestClose={[Function]}
        testID="ErrorModal"
        transparent={true}
        visible={false}
      >
        <View
          accessible={true}
          focusable={true}
          onClick={[Function]}
          onResponderGrant={[Function]}
          onResponderMove={[Function]}
          onResponderRelease={[Function]}
          onResponderTerminate={[Function]}
          onResponderTerminationRequest={[Function]}
          onStartShouldSetResponder={[Function]}
          style={
            Object {
              "alignContent": "center",
              "alignItems": "center",
              "backgroundColor": "rgba(20, 154, 222,0.8)",
              "flex": 1,
              "justifyContent": "center",
            }
          }
        >
          <View
            style={
              Object {
                "alignItems": "center",
                "backgroundColor": "white",
                "borderRadius": 30,
                "flexDirection": "column",
                "height": null,
                "justifyContent": "space-between",
                "width": "85%",
              }
            }
          >
            <View
              style={
                Object {
                  "alignItems": "center",
                  "borderTopLeftRadius": 30,
                  "borderTopRightRadius": 30,
                  "padding": 8,
                  "width": "100%",
                }
              }
            >
              <Text
                style={
                  Object {
                    "color": "#575757",
                    "fontSize": 10,
                    "fontWeight": "bold",
                  }
                }
              >
                Error
              </Text>
            </View>
            <View
              style={
                Object {
                  "alignItems": "center",
                  "margin": 16,
                }
              }
            >
              <Text
                style={
                  Object {
                    "color": "#575757",
                    "fontSize": 16,
                    "fontWeight": "bold",
                    "lineHeight": 24,
                    "marginHorizontal": 8,
                    "textAlign": "center",
                  }
                }
              >
                Something Went Wrong
              </Text>
            </View>
            <View
              accessible={true}
              focusable={true}
              onClick={[Function]}
              onResponderGrant={[Function]}
              onResponderMove={[Function]}
              onResponderRelease={[Function]}
              onResponderTerminate={[Function]}
              onResponderTerminationRequest={[Function]}
              onStartShouldSetResponder={[Function]}
              style={
                Object {
                  "alignItems": "center",
                  "backgroundColor": "#dddede",
                  "borderBottomLeftRadius": 30,
                  "borderBottomRightRadius": 30,
                  "borderRadius": 16,
                  "borderTopLeftRadius": 0,
                  "borderTopRightRadius": 0,
                  "elevation": 1,
                  "flexDirection": "row",
                  "justifyContent": "center",
                  "margin": 0,
                  "opacity": 1,
                  "paddingHorizontal": 16,
                  "paddingVertical": 16,
                  "shadowColor": "#000",
                  "shadowOffset": Object {
                    "height": 1,
                    "width": 0,
                  },
                  "shadowOpacity": 0.18,
                  "shadowRadius": 1,
                  "width": "100%",
                }
              }
              testID="Button"
            >
              <Text
                numberOfLines={1}
                style={
                  Object {
                    "alignSelf": "center",
                    "color": "#ffffff",
                    "flex": 1,
                    "paddingHorizontal": 16,
                    "textAlign": "center",
                  }
                }
                testID="ButtonText"
              >
                Ok
              </Text>
            </View>
          </View>
        </View>
      </Modal>
    </View>
  </View>
</RCTScrollView>
`;
