// Jest Snapshot v1, https://goo.gl/fbAQLP

exports[`Button matches snapshot 1`] = `
<View
  style={
    Object {
      "paddingHorizontal": 16,
      "width": "100%",
    }
  }
>
  <View
    style={
      Object {
        "alignItems": "center",
        "backgroundColor": "white",
        "borderBottomColor": "#e7e8ea",
        "borderBottomWidth": 1,
        "borderRadius": 16,
        "elevation": 1,
        "flexDirection": "row",
        "justifyContent": "space-between",
        "paddingHorizontal": 16,
        "paddingVertical": 4,
        "shadowColor": "#000",
        "shadowOffset": Object {
          "height": 1,
          "width": 0,
        },
        "shadowOpacity": 0.18,
        "shadowRadius": 1,
      }
    }
  >
    <TextInput
      allowFontScaling={true}
      onChangeText={[MockFunction]}
      rejectResponderTermination={true}
      style={
        Object {
          "color": "#222",
          "flex": 1,
          "paddingVertical": 16,
          "textAlign": "left",
        }
      }
      testID="Input"
      underlineColorAndroid="transparent"
      value="undefined"
    />
  </View>
  <Text
    style={
      Object {
        "alignSelf": "flex-start",
        "color": "red",
        "fontSize": 10,
        "fontWeight": "bold",
        "lineHeight": 14,
        "marginBottom": 4,
        "marginHorizontal": 8,
        "paddingTop": 1,
        "textAlign": "left",
      }
    }
  />
</View>
`;
