// Jest Snapshot v1, https://goo.gl/fbAQLP

exports[`IssueCard matches snapshot 1`] = `
<View
  style={
    Object {
      "backgroundColor": "white",
      "borderRadius": 16,
      "elevation": 4,
      "flex": 1,
      "marginBottom": 16,
      "marginHorizontal": 8,
      "shadowColor": "#000",
      "shadowOffset": Object {
        "height": 2,
        "width": 0,
      },
      "shadowOpacity": 0.23,
      "shadowRadius": 2.62,
    }
  }
  testID="IssueCard"
>
  <View
    style={
      Object {
        "alignItems": "center",
        "flexDirection": "row",
        "padding": 8,
      }
    }
  >
    <Text
      allowFontScaling={false}
      style={
        Array [
          Object {
            "color": undefined,
            "fontSize": 12,
          },
          Object {
            "color": "green",
            "fontSize": 24,
            "marginEnd": 8,
            "marginStart": 8,
          },
          Object {
            "fontFamily": "Octicons",
            "fontStyle": "normal",
            "fontWeight": "normal",
          },
          Object {},
        ]
      }
    >
      
    </Text>
    <Text
      style={
        Object {
          "flex": 1,
          "fontSize": 16,
          "fontWeight": "bold",
        }
      }
    >
      title
    </Text>
  </View>
  <Text
    style={
      Object {
        "fontSize": 12,
        "paddingHorizontal": 18,
      }
    }
  >
    #1 opened 51 years ago by name
  </Text>
  <View
    style={
      Object {
        "alignItems": "center",
        "flex": 1,
        "flexDirection": "row",
        "justifyContent": "space-between",
        "paddingVertical": 8,
      }
    }
  >
    <View />
    <View
      style={
        Object {
          "alignItems": "center",
          "flexDirection": "row",
          "paddingHorizontal": 16,
        }
      }
    >
      <Text
        style={
          Object {
            "fontSize": 12,
            "lineHeight": 12.4,
            "paddingEnd": 4,
          }
        }
      />
      <Text
        allowFontScaling={false}
        style={
          Array [
            Object {
              "color": undefined,
              "fontSize": 12,
            },
            Object {
              "fontSize": 12,
              "paddingEnd": 4,
            },
            Object {
              "fontFamily": "Octicons",
              "fontStyle": "normal",
              "fontWeight": "normal",
            },
            Object {},
          ]
        }
      >
        
      </Text>
    </View>
  </View>
</View>
`;
