// Jest Snapshot v1, https://goo.gl/fbAQLP

exports[`ErrorModal matches snapshot 1`] = `
<Modal
  animationType="fade"
  hardwareAccelerated={false}
  onRequestClose={[Function]}
  testID="Modal"
  transparent={true}
  visible={true}
>
  <View
    accessible={true}
    focusable={true}
    onClick={[Function]}
    onResponderGrant={[Function]}
    onResponderMove={[Function]}
    onResponderRelease={[Function]}
    onResponderTerminate={[Function]}
    onResponderTerminationRequest={[Function]}
    onStartShouldSetResponder={[Function]}
    style={
      Object {
        "alignContent": "center",
        "alignItems": "center",
        "backgroundColor": "rgba(20, 154, 222,0.8)",
        "flex": 1,
        "justifyContent": "center",
      }
    }
  >
    <View
      style={
        Object {
          "alignItems": "center",
          "backgroundColor": "white",
          "borderRadius": 30,
          "flexDirection": "column",
          "height": null,
          "justifyContent": "space-between",
          "width": "85%",
        }
      }
    >
      <View
        style={
          Object {
            "alignItems": "center",
            "borderTopLeftRadius": 30,
            "borderTopRightRadius": 30,
            "padding": 8,
            "width": "100%",
          }
        }
      >
        <Text
          style={
            Object {
              "color": "#575757",
              "fontSize": 10,
              "fontWeight": "bold",
            }
          }
        >
          Error
        </Text>
      </View>
      <View
        style={
          Object {
            "alignItems": "center",
            "margin": 16,
          }
        }
      >
        <Text
          style={
            Object {
              "color": "#575757",
              "fontSize": 16,
              "fontWeight": "bold",
              "lineHeight": 24,
              "marginHorizontal": 8,
              "textAlign": "center",
            }
          }
        >
          Something Went Wrong
        </Text>
      </View>
      <View
        accessible={true}
        focusable={true}
        onClick={[Function]}
        onResponderGrant={[Function]}
        onResponderMove={[Function]}
        onResponderRelease={[Function]}
        onResponderTerminate={[Function]}
        onResponderTerminationRequest={[Function]}
        onStartShouldSetResponder={[Function]}
        style={
          Object {
            "alignItems": "center",
            "backgroundColor": "#dddede",
            "borderBottomLeftRadius": 30,
            "borderBottomRightRadius": 30,
            "borderRadius": 16,
            "borderTopLeftRadius": 0,
            "borderTopRightRadius": 0,
            "elevation": 1,
            "flexDirection": "row",
            "justifyContent": "center",
            "margin": 0,
            "opacity": 1,
            "paddingHorizontal": 16,
            "paddingVertical": 16,
            "shadowColor": "#000",
            "shadowOffset": Object {
              "height": 1,
              "width": 0,
            },
            "shadowOpacity": 0.18,
            "shadowRadius": 1,
            "width": "100%",
          }
        }
        testID="Button"
      >
        <Text
          numberOfLines={1}
          style={
            Object {
              "alignSelf": "center",
              "color": "#ffffff",
              "flex": 1,
              "paddingHorizontal": 16,
              "textAlign": "center",
            }
          }
          testID="ButtonText"
        >
          Ok
        </Text>
      </View>
    </View>
  </View>
</Modal>
`;
